Analysis & Synthesis report for RC4
Wed Mar 28 01:44:34 2018
Quartus Prime Version 17.1.0 Build 590 10/25/2017 SJ Lite Edition


---------------------
; Table of Contents ;
---------------------
  1. Legal Notice
  2. Analysis & Synthesis Summary
  3. Analysis & Synthesis Settings
  4. Parallel Compilation
  5. Analysis & Synthesis Source Files Read
  6. Analysis & Synthesis Resource Usage Summary
  7. Analysis & Synthesis Resource Utilization by Entity
  8. State Machine - |rc4_inst|rc4:inst|state
  9. User-Specified and Inferred Latches
 10. Registers Removed During Synthesis
 11. General Register Statistics
 12. Multiplexer Restructuring Statistics (Restructuring Performed)
 13. Parameter Settings for User Entity Instance: rc4:inst
 14. Parameter Settings for User Entity Instance: rc4:inst|ram:SBox
 15. Parameter Settings for Inferred Entity Instance: rc4:inst|lpm_divide:Mod0
 16. Post-Synthesis Netlist Statistics for Top Partition
 17. Elapsed Time Per Partition
 18. Analysis & Synthesis Messages



----------------
; Legal Notice ;
----------------
Copyright (C) 2017  Intel Corporation. All rights reserved.
Your use of Intel Corporation's design tools, logic functions 
and other software and tools, and its AMPP partner logic 
functions, and any output files from any of the foregoing 
(including device programming or simulation files), and any 
associated documentation or information are expressly subject 
to the terms and conditions of the Intel Program License 
Subscription Agreement, the Intel Quartus Prime License Agreement,
the Intel FPGA IP License Agreement, or other applicable license
agreement, including, without limitation, that your use is for
the sole purpose of programming logic devices manufactured by
Intel and sold by Intel or its authorized distributors.  Please
refer to the applicable agreement for further details.



+----------------------------------------------------------------------------------+
; Analysis & Synthesis Summary                                                     ;
+------------------------------------+---------------------------------------------+
; Analysis & Synthesis Status        ; Successful - Wed Mar 28 01:44:34 2018       ;
; Quartus Prime Version              ; 17.1.0 Build 590 10/25/2017 SJ Lite Edition ;
; Revision Name                      ; RC4                                         ;
; Top-level Entity Name              ; rc4_inst                                    ;
; Family                             ; Cyclone IV E                                ;
; Total logic elements               ; 7,051                                       ;
;     Total combinational functions  ; 7,051                                       ;
;     Dedicated logic registers      ; 2,112                                       ;
; Total registers                    ; 2112                                        ;
; Total pins                         ; 12                                          ;
; Total virtual pins                 ; 0                                           ;
; Total memory bits                  ; 0                                           ;
; Embedded Multiplier 9-bit elements ; 0                                           ;
; Total PLLs                         ; 0                                           ;
+------------------------------------+---------------------------------------------+


+----------------------------------------------------------------------------------------------------------------------+
; Analysis & Synthesis Settings                                                                                        ;
+----------------------------------------------------------------------------+--------------------+--------------------+
; Option                                                                     ; Setting            ; Default Value      ;
+----------------------------------------------------------------------------+--------------------+--------------------+
; Device                                                                     ; EP4CE115F29C7      ;                    ;
; Top-level entity name                                                      ; rc4_inst           ; RC4                ;
; Family name                                                                ; Cyclone IV E       ; Cyclone V          ;
; Use smart compilation                                                      ; Off                ; Off                ;
; Enable parallel Assembler and TimeQuest Timing Analyzer during compilation ; On                 ; On                 ;
; Enable compact report table                                                ; Off                ; Off                ;
; Restructure Multiplexers                                                   ; Auto               ; Auto               ;
; Create Debugging Nodes for IP Cores                                        ; Off                ; Off                ;
; Preserve fewer node names                                                  ; On                 ; On                 ;
; Intel FPGA IP Evaluation Mode                                              ; Enable             ; Enable             ;
; Verilog Version                                                            ; Verilog_2001       ; Verilog_2001       ;
; VHDL Version                                                               ; VHDL_1993          ; VHDL_1993          ;
; State Machine Processing                                                   ; Auto               ; Auto               ;
; Safe State Machine                                                         ; Off                ; Off                ;
; Extract Verilog State Machines                                             ; On                 ; On                 ;
; Extract VHDL State Machines                                                ; On                 ; On                 ;
; Ignore Verilog initial constructs                                          ; Off                ; Off                ;
; Iteration limit for constant Verilog loops                                 ; 5000               ; 5000               ;
; Iteration limit for non-constant Verilog loops                             ; 250                ; 250                ;
; Add Pass-Through Logic to Inferred RAMs                                    ; On                 ; On                 ;
; Infer RAMs from Raw Logic                                                  ; On                 ; On                 ;
; Parallel Synthesis                                                         ; On                 ; On                 ;
; DSP Block Balancing                                                        ; Auto               ; Auto               ;
; NOT Gate Push-Back                                                         ; On                 ; On                 ;
; Power-Up Don't Care                                                        ; On                 ; On                 ;
; Remove Redundant Logic Cells                                               ; Off                ; Off                ;
; Remove Duplicate Registers                                                 ; On                 ; On                 ;
; Ignore CARRY Buffers                                                       ; Off                ; Off                ;
; Ignore CASCADE Buffers                                                     ; Off                ; Off                ;
; Ignore GLOBAL Buffers                                                      ; Off                ; Off                ;
; Ignore ROW GLOBAL Buffers                                                  ; Off                ; Off                ;
; Ignore LCELL Buffers                                                       ; Off                ; Off                ;
; Ignore SOFT Buffers                                                        ; On                 ; On                 ;
; Limit AHDL Integers to 32 Bits                                             ; Off                ; Off                ;
; Optimization Technique                                                     ; Balanced           ; Balanced           ;
; Carry Chain Length                                                         ; 70                 ; 70                 ;
; Auto Carry Chains                                                          ; On                 ; On                 ;
; Auto Open-Drain Pins                                                       ; On                 ; On                 ;
; Perform WYSIWYG Primitive Resynthesis                                      ; Off                ; Off                ;
; Auto ROM Replacement                                                       ; On                 ; On                 ;
; Auto RAM Replacement                                                       ; On                 ; On                 ;
; Auto DSP Block Replacement                                                 ; On                 ; On                 ;
; Auto Shift Register Replacement                                            ; Auto               ; Auto               ;
; Allow Shift Register Merging across Hierarchies                            ; Auto               ; Auto               ;
; Auto Clock Enable Replacement                                              ; On                 ; On                 ;
; Strict RAM Replacement                                                     ; Off                ; Off                ;
; Allow Synchronous Control Signals                                          ; On                 ; On                 ;
; Force Use of Synchronous Clear Signals                                     ; Off                ; Off                ;
; Auto RAM Block Balancing                                                   ; On                 ; On                 ;
; Auto RAM to Logic Cell Conversion                                          ; Off                ; Off                ;
; Auto Resource Sharing                                                      ; Off                ; Off                ;
; Allow Any RAM Size For Recognition                                         ; Off                ; Off                ;
; Allow Any ROM Size For Recognition                                         ; Off                ; Off                ;
; Allow Any Shift Register Size For Recognition                              ; Off                ; Off                ;
; Use LogicLock Constraints during Resource Balancing                        ; On                 ; On                 ;
; Ignore translate_off and synthesis_off directives                          ; Off                ; Off                ;
; Timing-Driven Synthesis                                                    ; On                 ; On                 ;
; Report Parameter Settings                                                  ; On                 ; On                 ;
; Report Source Assignments                                                  ; On                 ; On                 ;
; Report Connectivity Checks                                                 ; On                 ; On                 ;
; Ignore Maximum Fan-Out Assignments                                         ; Off                ; Off                ;
; Synchronization Register Chain Length                                      ; 2                  ; 2                  ;
; Power Optimization During Synthesis                                        ; Normal compilation ; Normal compilation ;
; HDL message level                                                          ; Level2             ; Level2             ;
; Suppress Register Optimization Related Messages                            ; Off                ; Off                ;
; Number of Removed Registers Reported in Synthesis Report                   ; 5000               ; 5000               ;
; Number of Swept Nodes Reported in Synthesis Report                         ; 5000               ; 5000               ;
; Number of Inverted Registers Reported in Synthesis Report                  ; 100                ; 100                ;
; Clock MUX Protection                                                       ; On                 ; On                 ;
; Auto Gated Clock Conversion                                                ; Off                ; Off                ;
; Block Design Naming                                                        ; Auto               ; Auto               ;
; SDC constraint protection                                                  ; Off                ; Off                ;
; Synthesis Effort                                                           ; Auto               ; Auto               ;
; Shift Register Replacement - Allow Asynchronous Clear Signal               ; On                 ; On                 ;
; Pre-Mapping Resynthesis Optimization                                       ; Off                ; Off                ;
; Analysis & Synthesis Message Level                                         ; Medium             ; Medium             ;
; Disable Register Merging Across Hierarchies                                ; Auto               ; Auto               ;
; Resource Aware Inference For Block RAM                                     ; On                 ; On                 ;
+----------------------------------------------------------------------------+--------------------+--------------------+


+------------------------------------------+
; Parallel Compilation                     ;
+----------------------------+-------------+
; Processors                 ; Number      ;
+----------------------------+-------------+
; Number detected on machine ; 12          ;
; Maximum allowed            ; 6           ;
;                            ;             ;
; Average used               ; 1.01        ;
; Maximum used               ; 6           ;
;                            ;             ;
; Usage by Processor         ; % Time Used ;
;     Processor 1            ; 100.0%      ;
;     Processor 2            ;   0.2%      ;
;     Processor 3            ;   0.2%      ;
;     Processor 4            ;   0.2%      ;
;     Processor 5            ;   0.2%      ;
;     Processor 6            ;   0.2%      ;
+----------------------------+-------------+


+-----------------------------------------------------------------------------------------------------------------------------------------------------------------------------------------------------------------------+
; Analysis & Synthesis Source Files Read                                                                                                                                                                                ;
+--------------------------------------+-----------------+------------------------------+---------------------------------------------------------------------------------------------------------------------+---------+
; File Name with User-Entered Path     ; Used in Netlist ; File Type                    ; File Name with Absolute Path                                                                                        ; Library ;
+--------------------------------------+-----------------+------------------------------+---------------------------------------------------------------------------------------------------------------------+---------+
; src/arc1_4_bits_per_clock/rc4_inst.v ; yes             ; User Verilog HDL File        ; C:/Users/hoangphuc/Google Drive/tai_lieu_hoc_tap/Internship/Verilog_Design/RC4/src/arc1_4_bits_per_clock/rc4_inst.v ;         ;
; src/arc1_4_bits_per_clock/rc4.v      ; yes             ; User Verilog HDL File        ; C:/Users/hoangphuc/Google Drive/tai_lieu_hoc_tap/Internship/Verilog_Design/RC4/src/arc1_4_bits_per_clock/rc4.v      ;         ;
; src/arc1_4_bits_per_clock/ram.v      ; yes             ; User Verilog HDL File        ; C:/Users/hoangphuc/Google Drive/tai_lieu_hoc_tap/Internship/Verilog_Design/RC4/src/arc1_4_bits_per_clock/ram.v      ;         ;
; lpm_divide.tdf                       ; yes             ; Megafunction                 ; c:/intelfpga_lite/17.1/quartus/libraries/megafunctions/lpm_divide.tdf                                               ;         ;
; abs_divider.inc                      ; yes             ; Megafunction                 ; c:/intelfpga_lite/17.1/quartus/libraries/megafunctions/abs_divider.inc                                              ;         ;
; sign_div_unsign.inc                  ; yes             ; Megafunction                 ; c:/intelfpga_lite/17.1/quartus/libraries/megafunctions/sign_div_unsign.inc                                          ;         ;
; aglobal171.inc                       ; yes             ; Megafunction                 ; c:/intelfpga_lite/17.1/quartus/libraries/megafunctions/aglobal171.inc                                               ;         ;
; db/lpm_divide_q9m.tdf                ; yes             ; Auto-Generated Megafunction  ; C:/Users/hoangphuc/Google Drive/tai_lieu_hoc_tap/Internship/Verilog_Design/RC4/db/lpm_divide_q9m.tdf                ;         ;
; db/sign_div_unsign_fkh.tdf           ; yes             ; Auto-Generated Megafunction  ; C:/Users/hoangphuc/Google Drive/tai_lieu_hoc_tap/Internship/Verilog_Design/RC4/db/sign_div_unsign_fkh.tdf           ;         ;
; db/alt_u_div_i4f.tdf                 ; yes             ; Auto-Generated Megafunction  ; C:/Users/hoangphuc/Google Drive/tai_lieu_hoc_tap/Internship/Verilog_Design/RC4/db/alt_u_div_i4f.tdf                 ;         ;
; db/add_sub_7pc.tdf                   ; yes             ; Auto-Generated Megafunction  ; C:/Users/hoangphuc/Google Drive/tai_lieu_hoc_tap/Internship/Verilog_Design/RC4/db/add_sub_7pc.tdf                   ;         ;
; db/add_sub_8pc.tdf                   ; yes             ; Auto-Generated Megafunction  ; C:/Users/hoangphuc/Google Drive/tai_lieu_hoc_tap/Internship/Verilog_Design/RC4/db/add_sub_8pc.tdf                   ;         ;
+--------------------------------------+-----------------+------------------------------+---------------------------------------------------------------------------------------------------------------------+---------+


+-----------------------------------------------------------+
; Analysis & Synthesis Resource Usage Summary               ;
+---------------------------------------------+-------------+
; Resource                                    ; Usage       ;
+---------------------------------------------+-------------+
; Estimated Total logic elements              ; 7,051       ;
;                                             ;             ;
; Total combinational functions               ; 7051        ;
; Logic element usage by number of LUT inputs ;             ;
;     -- 4 input functions                    ; 6652        ;
;     -- 3 input functions                    ; 320         ;
;     -- <=2 input functions                  ; 79          ;
;                                             ;             ;
; Logic elements by mode                      ;             ;
;     -- normal mode                          ; 6989        ;
;     -- arithmetic mode                      ; 62          ;
;                                             ;             ;
; Total registers                             ; 2112        ;
;     -- Dedicated logic registers            ; 2112        ;
;     -- I/O registers                        ; 0           ;
;                                             ;             ;
; I/O pins                                    ; 12          ;
;                                             ;             ;
; Embedded Multiplier 9-bit elements          ; 0           ;
;                                             ;             ;
; Maximum fan-out node                        ; SW[0]~input ;
; Maximum fan-out                             ; 2358        ;
; Total fan-out                               ; 36125       ;
; Average fan-out                             ; 3.93        ;
+---------------------------------------------+-------------+


+--------------------------------------------------------------------------------------------------------------------------------------------------------------------------------------------------------------------------------------------------------------------------------------------------------------------------------+
; Analysis & Synthesis Resource Utilization by Entity                                                                                                                                                                                                                                                                            ;
+-------------------------------------------+---------------------+---------------------------+-------------+--------------+---------+-----------+------+--------------+--------------------------------------------------------------------------------------------------------------------+---------------------+--------------+
; Compilation Hierarchy Node                ; Combinational ALUTs ; Dedicated Logic Registers ; Memory Bits ; DSP Elements ; DSP 9x9 ; DSP 18x18 ; Pins ; Virtual Pins ; Full Hierarchy Name                                                                                                ; Entity Name         ; Library Name ;
+-------------------------------------------+---------------------+---------------------------+-------------+--------------+---------+-----------+------+--------------+--------------------------------------------------------------------------------------------------------------------+---------------------+--------------+
; |rc4_inst                                 ; 7051 (0)            ; 2112 (0)                  ; 0           ; 0            ; 0       ; 0         ; 12   ; 0            ; |rc4_inst                                                                                                          ; rc4_inst            ; work         ;
;    |rc4:inst|                             ; 7051 (167)          ; 2112 (64)                 ; 0           ; 0            ; 0       ; 0         ; 0    ; 0            ; |rc4_inst|rc4:inst                                                                                                 ; rc4                 ; work         ;
;       |lpm_divide:Mod0|                   ; 70 (0)              ; 0 (0)                     ; 0           ; 0            ; 0       ; 0         ; 0    ; 0            ; |rc4_inst|rc4:inst|lpm_divide:Mod0                                                                                 ; lpm_divide          ; work         ;
;          |lpm_divide_q9m:auto_generated|  ; 70 (0)              ; 0 (0)                     ; 0           ; 0            ; 0       ; 0         ; 0    ; 0            ; |rc4_inst|rc4:inst|lpm_divide:Mod0|lpm_divide_q9m:auto_generated                                                   ; lpm_divide_q9m      ; work         ;
;             |sign_div_unsign_fkh:divider| ; 70 (0)              ; 0 (0)                     ; 0           ; 0            ; 0       ; 0         ; 0    ; 0            ; |rc4_inst|rc4:inst|lpm_divide:Mod0|lpm_divide_q9m:auto_generated|sign_div_unsign_fkh:divider                       ; sign_div_unsign_fkh ; work         ;
;                |alt_u_div_i4f:divider|    ; 70 (70)             ; 0 (0)                     ; 0           ; 0            ; 0       ; 0         ; 0    ; 0            ; |rc4_inst|rc4:inst|lpm_divide:Mod0|lpm_divide_q9m:auto_generated|sign_div_unsign_fkh:divider|alt_u_div_i4f:divider ; alt_u_div_i4f       ; work         ;
;       |ram:SBox|                          ; 6814 (6814)         ; 2048 (2048)               ; 0           ; 0            ; 0       ; 0         ; 0    ; 0            ; |rc4_inst|rc4:inst|ram:SBox                                                                                        ; ram                 ; work         ;
+-------------------------------------------+---------------------+---------------------------+-------------+--------------+---------+-----------+------+--------------+--------------------------------------------------------------------------------------------------------------------+---------------------+--------------+
Note: For table entries with two numbers listed, the numbers in parentheses indicate the number of resources of the given type used by the specific entity alone. The numbers listed outside of parentheses indicate the total resources of the given type used by the specific entity and all of its sub-entities in the hierarchy.


Encoding Type:  One-Hot
+--------------------------------------------------------+
; State Machine - |rc4_inst|rc4:inst|state               ;
+--------------+-----------+--------------+--------------+
; Name         ; state.000 ; state.STEP_2 ; state.STEP_1 ;
+--------------+-----------+--------------+--------------+
; state.000    ; 0         ; 0            ; 0            ;
; state.STEP_1 ; 1         ; 0            ; 1            ;
; state.STEP_2 ; 1         ; 1            ; 0            ;
+--------------+-----------+--------------+--------------+


+---------------------------------------------------------------------------------------------------+
; User-Specified and Inferred Latches                                                               ;
+----------------------------------------------------+---------------------+------------------------+
; Latch Name                                         ; Latch Enable Signal ; Free of Timing Hazards ;
+----------------------------------------------------+---------------------+------------------------+
; rc4:inst|ckey[0]                                   ; rc4:inst|ckey       ; yes                    ;
; rc4:inst|ckey[1]                                   ; rc4:inst|ckey       ; yes                    ;
; rc4:inst|ckey[2]                                   ; rc4:inst|ckey       ; yes                    ;
; rc4:inst|ckey[3]                                   ; rc4:inst|ckey       ; yes                    ;
; rc4:inst|ckey[4]                                   ; rc4:inst|ckey       ; yes                    ;
; rc4:inst|ckey[5]                                   ; rc4:inst|ckey       ; yes                    ;
; rc4:inst|ckey[6]                                   ; rc4:inst|ckey       ; yes                    ;
; rc4:inst|ckey[7]                                   ; rc4:inst|ckey       ; yes                    ;
; Number of user-specified and inferred latches = 8  ;                     ;                        ;
+----------------------------------------------------+---------------------+------------------------+
Note: All latches listed above may not be present at the end of synthesis due to various synthesis optimizations.


+---------------------------------------------------------------------------------+
; Registers Removed During Synthesis                                              ;
+----------------------------------------+----------------------------------------+
; Register name                          ; Reason for Removal                     ;
+----------------------------------------+----------------------------------------+
; key_in[0..3]                           ; Stuck at GND due to stuck port data_in ;
; key_in[4]                              ; Stuck at VCC due to stuck port data_in ;
; key_in[5..12]                          ; Stuck at GND due to stuck port data_in ;
; key_in[13]                             ; Stuck at VCC due to stuck port data_in ;
; key_in[14..19]                         ; Stuck at GND due to stuck port data_in ;
; key_in[20,21]                          ; Stuck at VCC due to stuck port data_in ;
; key_in[22..29]                         ; Stuck at GND due to stuck port data_in ;
; key_in[30]                             ; Stuck at VCC due to stuck port data_in ;
; key_in[31]                             ; Stuck at GND due to stuck port data_in ;
; key_length[0,1]                        ; Stuck at GND due to stuck port data_in ;
; key_length[2]                          ; Stuck at VCC due to stuck port data_in ;
; key_length[3..7]                       ; Stuck at GND due to stuck port data_in ;
; rc4:inst|state~4                       ; Lost fanout                            ;
; Total Number of Removed Registers = 41 ;                                        ;
+----------------------------------------+----------------------------------------+


+------------------------------------------------------+
; General Register Statistics                          ;
+----------------------------------------------+-------+
; Statistic                                    ; Value ;
+----------------------------------------------+-------+
; Total registers                              ; 2112  ;
; Number of registers using Synchronous Clear  ; 1043  ;
; Number of registers using Synchronous Load   ; 1024  ;
; Number of registers using Asynchronous Clear ; 0     ;
; Number of registers using Asynchronous Load  ; 0     ;
; Number of registers using Clock Enable       ; 2104  ;
; Number of registers using Preset             ; 0     ;
+----------------------------------------------+-------+


+-------------------------------------------------------------------------------------------------------------------------------------------------------+
; Multiplexer Restructuring Statistics (Restructuring Performed)                                                                                        ;
+--------------------+-----------+---------------+----------------------+------------------------+------------+-----------------------------------------+
; Multiplexer Inputs ; Bus Width ; Baseline Area ; Area if Restructured ; Saving if Restructured ; Registered ; Example Multiplexer Output              ;
+--------------------+-----------+---------------+----------------------+------------------------+------------+-----------------------------------------+
; 3:1                ; 8 bits    ; 16 LEs        ; 8 LEs                ; 8 LEs                  ; Yes        ; |rc4_inst|rc4:inst|k[2]                 ;
; 3:1                ; 8 bits    ; 16 LEs        ; 8 LEs                ; 8 LEs                  ; Yes        ; |rc4_inst|rc4:inst|Si[7]                ;
; 3:1                ; 8 bits    ; 16 LEs        ; 8 LEs                ; 8 LEs                  ; Yes        ; |rc4_inst|rc4:inst|temp_addr[4]         ;
; 3:1                ; 2 bits    ; 4 LEs         ; 2 LEs                ; 2 LEs                  ; Yes        ; |rc4_inst|rc4:inst|KSA                  ;
; 3:1                ; 8 bits    ; 16 LEs        ; 0 LEs                ; 16 LEs                 ; Yes        ; |rc4_inst|rc4:inst|wdata_2[7]           ;
; 4:1                ; 8 bits    ; 16 LEs        ; 8 LEs                ; 8 LEs                  ; Yes        ; |rc4_inst|rc4:inst|wdata_3[3]           ;
; 5:1                ; 8 bits    ; 24 LEs        ; 16 LEs               ; 8 LEs                  ; Yes        ; |rc4_inst|rc4:inst|ram:SBox|mem[255][0] ;
; 5:1                ; 8 bits    ; 24 LEs        ; 16 LEs               ; 8 LEs                  ; Yes        ; |rc4_inst|rc4:inst|ram:SBox|mem[254][0] ;
; 5:1                ; 8 bits    ; 24 LEs        ; 16 LEs               ; 8 LEs                  ; Yes        ; |rc4_inst|rc4:inst|ram:SBox|mem[253][7] ;
; 5:1                ; 8 bits    ; 24 LEs        ; 16 LEs               ; 8 LEs                  ; Yes        ; |rc4_inst|rc4:inst|ram:SBox|mem[252][1] ;
; 5:1                ; 8 bits    ; 24 LEs        ; 16 LEs               ; 8 LEs                  ; Yes        ; |rc4_inst|rc4:inst|ram:SBox|mem[251][0] ;
; 5:1                ; 8 bits    ; 24 LEs        ; 16 LEs               ; 8 LEs                  ; Yes        ; |rc4_inst|rc4:inst|ram:SBox|mem[250][0] ;
; 5:1                ; 8 bits    ; 24 LEs        ; 16 LEs               ; 8 LEs                  ; Yes        ; |rc4_inst|rc4:inst|ram:SBox|mem[249][0] ;
; 5:1                ; 8 bits    ; 24 LEs        ; 16 LEs               ; 8 LEs                  ; Yes        ; |rc4_inst|rc4:inst|ram:SBox|mem[248][0] ;
; 5:1                ; 8 bits    ; 24 LEs        ; 16 LEs               ; 8 LEs                  ; Yes        ; |rc4_inst|rc4:inst|ram:SBox|mem[247][7] ;
; 5:1                ; 8 bits    ; 24 LEs        ; 16 LEs               ; 8 LEs                  ; Yes        ; |rc4_inst|rc4:inst|ram:SBox|mem[246][2] ;
; 5:1                ; 8 bits    ; 24 LEs        ; 16 LEs               ; 8 LEs                  ; Yes        ; |rc4_inst|rc4:inst|ram:SBox|mem[245][2] ;
; 5:1                ; 8 bits    ; 24 LEs        ; 16 LEs               ; 8 LEs                  ; Yes        ; |rc4_inst|rc4:inst|ram:SBox|mem[244][6] ;
; 5:1                ; 8 bits    ; 24 LEs        ; 16 LEs               ; 8 LEs                  ; Yes        ; |rc4_inst|rc4:inst|ram:SBox|mem[243][0] ;
; 5:1                ; 8 bits    ; 24 LEs        ; 16 LEs               ; 8 LEs                  ; Yes        ; |rc4_inst|rc4:inst|ram:SBox|mem[242][1] ;
; 5:1                ; 8 bits    ; 24 LEs        ; 16 LEs               ; 8 LEs                  ; Yes        ; |rc4_inst|rc4:inst|ram:SBox|mem[241][1] ;
; 5:1                ; 8 bits    ; 24 LEs        ; 16 LEs               ; 8 LEs                  ; Yes        ; |rc4_inst|rc4:inst|ram:SBox|mem[240][0] ;
; 5:1                ; 8 bits    ; 24 LEs        ; 16 LEs               ; 8 LEs                  ; Yes        ; |rc4_inst|rc4:inst|ram:SBox|mem[239][7] ;
; 5:1                ; 8 bits    ; 24 LEs        ; 16 LEs               ; 8 LEs                  ; Yes        ; |rc4_inst|rc4:inst|ram:SBox|mem[238][4] ;
; 5:1                ; 8 bits    ; 24 LEs        ; 16 LEs               ; 8 LEs                  ; Yes        ; |rc4_inst|rc4:inst|ram:SBox|mem[237][6] ;
; 5:1                ; 8 bits    ; 24 LEs        ; 16 LEs               ; 8 LEs                  ; Yes        ; |rc4_inst|rc4:inst|ram:SBox|mem[236][3] ;
; 5:1                ; 8 bits    ; 24 LEs        ; 16 LEs               ; 8 LEs                  ; Yes        ; |rc4_inst|rc4:inst|ram:SBox|mem[235][1] ;
; 5:1                ; 8 bits    ; 24 LEs        ; 16 LEs               ; 8 LEs                  ; Yes        ; |rc4_inst|rc4:inst|ram:SBox|mem[234][1] ;
; 5:1                ; 8 bits    ; 24 LEs        ; 16 LEs               ; 8 LEs                  ; Yes        ; |rc4_inst|rc4:inst|ram:SBox|mem[233][6] ;
; 5:1                ; 8 bits    ; 24 LEs        ; 16 LEs               ; 8 LEs                  ; Yes        ; |rc4_inst|rc4:inst|ram:SBox|mem[232][6] ;
; 5:1                ; 8 bits    ; 24 LEs        ; 16 LEs               ; 8 LEs                  ; Yes        ; |rc4_inst|rc4:inst|ram:SBox|mem[231][2] ;
; 5:1                ; 8 bits    ; 24 LEs        ; 16 LEs               ; 8 LEs                  ; Yes        ; |rc4_inst|rc4:inst|ram:SBox|mem[230][6] ;
; 5:1                ; 8 bits    ; 24 LEs        ; 16 LEs               ; 8 LEs                  ; Yes        ; |rc4_inst|rc4:inst|ram:SBox|mem[229][0] ;
; 5:1                ; 8 bits    ; 24 LEs        ; 16 LEs               ; 8 LEs                  ; Yes        ; |rc4_inst|rc4:inst|ram:SBox|mem[228][7] ;
; 5:1                ; 8 bits    ; 24 LEs        ; 16 LEs               ; 8 LEs                  ; Yes        ; |rc4_inst|rc4:inst|ram:SBox|mem[227][0] ;
; 5:1                ; 8 bits    ; 24 LEs        ; 16 LEs               ; 8 LEs                  ; Yes        ; |rc4_inst|rc4:inst|ram:SBox|mem[226][2] ;
; 5:1                ; 8 bits    ; 24 LEs        ; 16 LEs               ; 8 LEs                  ; Yes        ; |rc4_inst|rc4:inst|ram:SBox|mem[225][6] ;
; 5:1                ; 8 bits    ; 24 LEs        ; 16 LEs               ; 8 LEs                  ; Yes        ; |rc4_inst|rc4:inst|ram:SBox|mem[224][4] ;
; 5:1                ; 8 bits    ; 24 LEs        ; 16 LEs               ; 8 LEs                  ; Yes        ; |rc4_inst|rc4:inst|ram:SBox|mem[223][4] ;
; 5:1                ; 8 bits    ; 24 LEs        ; 16 LEs               ; 8 LEs                  ; Yes        ; |rc4_inst|rc4:inst|ram:SBox|mem[222][3] ;
; 5:1                ; 8 bits    ; 24 LEs        ; 16 LEs               ; 8 LEs                  ; Yes        ; |rc4_inst|rc4:inst|ram:SBox|mem[221][4] ;
; 5:1                ; 8 bits    ; 24 LEs        ; 16 LEs               ; 8 LEs                  ; Yes        ; |rc4_inst|rc4:inst|ram:SBox|mem[220][2] ;
; 5:1                ; 8 bits    ; 24 LEs        ; 16 LEs               ; 8 LEs                  ; Yes        ; |rc4_inst|rc4:inst|ram:SBox|mem[219][3] ;
; 5:1                ; 8 bits    ; 24 LEs        ; 16 LEs               ; 8 LEs                  ; Yes        ; |rc4_inst|rc4:inst|ram:SBox|mem[218][5] ;
; 5:1                ; 8 bits    ; 24 LEs        ; 16 LEs               ; 8 LEs                  ; Yes        ; |rc4_inst|rc4:inst|ram:SBox|mem[217][1] ;
; 5:1                ; 8 bits    ; 24 LEs        ; 16 LEs               ; 8 LEs                  ; Yes        ; |rc4_inst|rc4:inst|ram:SBox|mem[216][4] ;
; 5:1                ; 8 bits    ; 24 LEs        ; 16 LEs               ; 8 LEs                  ; Yes        ; |rc4_inst|rc4:inst|ram:SBox|mem[215][4] ;
; 5:1                ; 8 bits    ; 24 LEs        ; 16 LEs               ; 8 LEs                  ; Yes        ; |rc4_inst|rc4:inst|ram:SBox|mem[214][0] ;
; 5:1                ; 8 bits    ; 24 LEs        ; 16 LEs               ; 8 LEs                  ; Yes        ; |rc4_inst|rc4:inst|ram:SBox|mem[213][4] ;
; 5:1                ; 8 bits    ; 24 LEs        ; 16 LEs               ; 8 LEs                  ; Yes        ; |rc4_inst|rc4:inst|ram:SBox|mem[212][1] ;
; 5:1                ; 8 bits    ; 24 LEs        ; 16 LEs               ; 8 LEs                  ; Yes        ; |rc4_inst|rc4:inst|ram:SBox|mem[211][5] ;
; 5:1                ; 8 bits    ; 24 LEs        ; 16 LEs               ; 8 LEs                  ; Yes        ; |rc4_inst|rc4:inst|ram:SBox|mem[210][5] ;
; 5:1                ; 8 bits    ; 24 LEs        ; 16 LEs               ; 8 LEs                  ; Yes        ; |rc4_inst|rc4:inst|ram:SBox|mem[209][4] ;
; 5:1                ; 8 bits    ; 24 LEs        ; 16 LEs               ; 8 LEs                  ; Yes        ; |rc4_inst|rc4:inst|ram:SBox|mem[208][0] ;
; 5:1                ; 8 bits    ; 24 LEs        ; 16 LEs               ; 8 LEs                  ; Yes        ; |rc4_inst|rc4:inst|ram:SBox|mem[207][0] ;
; 5:1                ; 8 bits    ; 24 LEs        ; 16 LEs               ; 8 LEs                  ; Yes        ; |rc4_inst|rc4:inst|ram:SBox|mem[206][4] ;
; 5:1                ; 8 bits    ; 24 LEs        ; 16 LEs               ; 8 LEs                  ; Yes        ; |rc4_inst|rc4:inst|ram:SBox|mem[205][4] ;
; 5:1                ; 8 bits    ; 24 LEs        ; 16 LEs               ; 8 LEs                  ; Yes        ; |rc4_inst|rc4:inst|ram:SBox|mem[204][4] ;
; 5:1                ; 8 bits    ; 24 LEs        ; 16 LEs               ; 8 LEs                  ; Yes        ; |rc4_inst|rc4:inst|ram:SBox|mem[203][1] ;
; 5:1                ; 8 bits    ; 24 LEs        ; 16 LEs               ; 8 LEs                  ; Yes        ; |rc4_inst|rc4:inst|ram:SBox|mem[202][2] ;
; 5:1                ; 8 bits    ; 24 LEs        ; 16 LEs               ; 8 LEs                  ; Yes        ; |rc4_inst|rc4:inst|ram:SBox|mem[201][2] ;
; 5:1                ; 8 bits    ; 24 LEs        ; 16 LEs               ; 8 LEs                  ; Yes        ; |rc4_inst|rc4:inst|ram:SBox|mem[200][0] ;
; 5:1                ; 8 bits    ; 24 LEs        ; 16 LEs               ; 8 LEs                  ; Yes        ; |rc4_inst|rc4:inst|ram:SBox|mem[199][7] ;
; 5:1                ; 8 bits    ; 24 LEs        ; 16 LEs               ; 8 LEs                  ; Yes        ; |rc4_inst|rc4:inst|ram:SBox|mem[198][1] ;
; 5:1                ; 8 bits    ; 24 LEs        ; 16 LEs               ; 8 LEs                  ; Yes        ; |rc4_inst|rc4:inst|ram:SBox|mem[197][4] ;
; 5:1                ; 8 bits    ; 24 LEs        ; 16 LEs               ; 8 LEs                  ; Yes        ; |rc4_inst|rc4:inst|ram:SBox|mem[196][1] ;
; 5:1                ; 8 bits    ; 24 LEs        ; 16 LEs               ; 8 LEs                  ; Yes        ; |rc4_inst|rc4:inst|ram:SBox|mem[195][4] ;
; 5:1                ; 8 bits    ; 24 LEs        ; 16 LEs               ; 8 LEs                  ; Yes        ; |rc4_inst|rc4:inst|ram:SBox|mem[194][3] ;
; 5:1                ; 8 bits    ; 24 LEs        ; 16 LEs               ; 8 LEs                  ; Yes        ; |rc4_inst|rc4:inst|ram:SBox|mem[193][7] ;
; 5:1                ; 8 bits    ; 24 LEs        ; 16 LEs               ; 8 LEs                  ; Yes        ; |rc4_inst|rc4:inst|ram:SBox|mem[192][0] ;
; 5:1                ; 8 bits    ; 24 LEs        ; 16 LEs               ; 8 LEs                  ; Yes        ; |rc4_inst|rc4:inst|ram:SBox|mem[191][0] ;
; 5:1                ; 8 bits    ; 24 LEs        ; 16 LEs               ; 8 LEs                  ; Yes        ; |rc4_inst|rc4:inst|ram:SBox|mem[190][2] ;
; 5:1                ; 8 bits    ; 24 LEs        ; 16 LEs               ; 8 LEs                  ; Yes        ; |rc4_inst|rc4:inst|ram:SBox|mem[189][2] ;
; 5:1                ; 8 bits    ; 24 LEs        ; 16 LEs               ; 8 LEs                  ; Yes        ; |rc4_inst|rc4:inst|ram:SBox|mem[188][2] ;
; 5:1                ; 8 bits    ; 24 LEs        ; 16 LEs               ; 8 LEs                  ; Yes        ; |rc4_inst|rc4:inst|ram:SBox|mem[187][2] ;
; 5:1                ; 8 bits    ; 24 LEs        ; 16 LEs               ; 8 LEs                  ; Yes        ; |rc4_inst|rc4:inst|ram:SBox|mem[186][2] ;
; 5:1                ; 8 bits    ; 24 LEs        ; 16 LEs               ; 8 LEs                  ; Yes        ; |rc4_inst|rc4:inst|ram:SBox|mem[185][2] ;
; 5:1                ; 8 bits    ; 24 LEs        ; 16 LEs               ; 8 LEs                  ; Yes        ; |rc4_inst|rc4:inst|ram:SBox|mem[184][4] ;
; 5:1                ; 8 bits    ; 24 LEs        ; 16 LEs               ; 8 LEs                  ; Yes        ; |rc4_inst|rc4:inst|ram:SBox|mem[183][7] ;
; 5:1                ; 8 bits    ; 24 LEs        ; 16 LEs               ; 8 LEs                  ; Yes        ; |rc4_inst|rc4:inst|ram:SBox|mem[182][7] ;
; 5:1                ; 8 bits    ; 24 LEs        ; 16 LEs               ; 8 LEs                  ; Yes        ; |rc4_inst|rc4:inst|ram:SBox|mem[181][7] ;
; 5:1                ; 8 bits    ; 24 LEs        ; 16 LEs               ; 8 LEs                  ; Yes        ; |rc4_inst|rc4:inst|ram:SBox|mem[180][6] ;
; 5:1                ; 8 bits    ; 24 LEs        ; 16 LEs               ; 8 LEs                  ; Yes        ; |rc4_inst|rc4:inst|ram:SBox|mem[179][0] ;
; 5:1                ; 8 bits    ; 24 LEs        ; 16 LEs               ; 8 LEs                  ; Yes        ; |rc4_inst|rc4:inst|ram:SBox|mem[178][0] ;
; 5:1                ; 8 bits    ; 24 LEs        ; 16 LEs               ; 8 LEs                  ; Yes        ; |rc4_inst|rc4:inst|ram:SBox|mem[177][0] ;
; 5:1                ; 8 bits    ; 24 LEs        ; 16 LEs               ; 8 LEs                  ; Yes        ; |rc4_inst|rc4:inst|ram:SBox|mem[176][0] ;
; 5:1                ; 8 bits    ; 24 LEs        ; 16 LEs               ; 8 LEs                  ; Yes        ; |rc4_inst|rc4:inst|ram:SBox|mem[175][4] ;
; 5:1                ; 8 bits    ; 24 LEs        ; 16 LEs               ; 8 LEs                  ; Yes        ; |rc4_inst|rc4:inst|ram:SBox|mem[174][3] ;
; 5:1                ; 8 bits    ; 24 LEs        ; 16 LEs               ; 8 LEs                  ; Yes        ; |rc4_inst|rc4:inst|ram:SBox|mem[173][5] ;
; 5:1                ; 8 bits    ; 24 LEs        ; 16 LEs               ; 8 LEs                  ; Yes        ; |rc4_inst|rc4:inst|ram:SBox|mem[172][5] ;
; 5:1                ; 8 bits    ; 24 LEs        ; 16 LEs               ; 8 LEs                  ; Yes        ; |rc4_inst|rc4:inst|ram:SBox|mem[171][6] ;
; 5:1                ; 8 bits    ; 24 LEs        ; 16 LEs               ; 8 LEs                  ; Yes        ; |rc4_inst|rc4:inst|ram:SBox|mem[170][4] ;
; 5:1                ; 8 bits    ; 24 LEs        ; 16 LEs               ; 8 LEs                  ; Yes        ; |rc4_inst|rc4:inst|ram:SBox|mem[169][7] ;
; 5:1                ; 8 bits    ; 24 LEs        ; 16 LEs               ; 8 LEs                  ; Yes        ; |rc4_inst|rc4:inst|ram:SBox|mem[168][1] ;
; 5:1                ; 8 bits    ; 24 LEs        ; 16 LEs               ; 8 LEs                  ; Yes        ; |rc4_inst|rc4:inst|ram:SBox|mem[167][6] ;
; 5:1                ; 8 bits    ; 24 LEs        ; 16 LEs               ; 8 LEs                  ; Yes        ; |rc4_inst|rc4:inst|ram:SBox|mem[166][2] ;
; 5:1                ; 8 bits    ; 24 LEs        ; 16 LEs               ; 8 LEs                  ; Yes        ; |rc4_inst|rc4:inst|ram:SBox|mem[165][0] ;
; 5:1                ; 8 bits    ; 24 LEs        ; 16 LEs               ; 8 LEs                  ; Yes        ; |rc4_inst|rc4:inst|ram:SBox|mem[164][0] ;
; 5:1                ; 8 bits    ; 24 LEs        ; 16 LEs               ; 8 LEs                  ; Yes        ; |rc4_inst|rc4:inst|ram:SBox|mem[163][0] ;
; 5:1                ; 8 bits    ; 24 LEs        ; 16 LEs               ; 8 LEs                  ; Yes        ; |rc4_inst|rc4:inst|ram:SBox|mem[162][0] ;
; 5:1                ; 8 bits    ; 24 LEs        ; 16 LEs               ; 8 LEs                  ; Yes        ; |rc4_inst|rc4:inst|ram:SBox|mem[161][0] ;
; 5:1                ; 8 bits    ; 24 LEs        ; 16 LEs               ; 8 LEs                  ; Yes        ; |rc4_inst|rc4:inst|ram:SBox|mem[160][0] ;
; 5:1                ; 8 bits    ; 24 LEs        ; 16 LEs               ; 8 LEs                  ; Yes        ; |rc4_inst|rc4:inst|ram:SBox|mem[159][1] ;
; 5:1                ; 8 bits    ; 24 LEs        ; 16 LEs               ; 8 LEs                  ; Yes        ; |rc4_inst|rc4:inst|ram:SBox|mem[158][0] ;
; 5:1                ; 8 bits    ; 24 LEs        ; 16 LEs               ; 8 LEs                  ; Yes        ; |rc4_inst|rc4:inst|ram:SBox|mem[157][5] ;
; 5:1                ; 8 bits    ; 24 LEs        ; 16 LEs               ; 8 LEs                  ; Yes        ; |rc4_inst|rc4:inst|ram:SBox|mem[156][0] ;
; 5:1                ; 8 bits    ; 24 LEs        ; 16 LEs               ; 8 LEs                  ; Yes        ; |rc4_inst|rc4:inst|ram:SBox|mem[155][0] ;
; 5:1                ; 8 bits    ; 24 LEs        ; 16 LEs               ; 8 LEs                  ; Yes        ; |rc4_inst|rc4:inst|ram:SBox|mem[154][6] ;
; 5:1                ; 8 bits    ; 24 LEs        ; 16 LEs               ; 8 LEs                  ; Yes        ; |rc4_inst|rc4:inst|ram:SBox|mem[153][7] ;
; 5:1                ; 8 bits    ; 24 LEs        ; 16 LEs               ; 8 LEs                  ; Yes        ; |rc4_inst|rc4:inst|ram:SBox|mem[152][7] ;
; 5:1                ; 8 bits    ; 24 LEs        ; 16 LEs               ; 8 LEs                  ; Yes        ; |rc4_inst|rc4:inst|ram:SBox|mem[151][1] ;
; 5:1                ; 8 bits    ; 24 LEs        ; 16 LEs               ; 8 LEs                  ; Yes        ; |rc4_inst|rc4:inst|ram:SBox|mem[150][6] ;
; 5:1                ; 8 bits    ; 24 LEs        ; 16 LEs               ; 8 LEs                  ; Yes        ; |rc4_inst|rc4:inst|ram:SBox|mem[149][6] ;
; 5:1                ; 8 bits    ; 24 LEs        ; 16 LEs               ; 8 LEs                  ; Yes        ; |rc4_inst|rc4:inst|ram:SBox|mem[148][6] ;
; 5:1                ; 8 bits    ; 24 LEs        ; 16 LEs               ; 8 LEs                  ; Yes        ; |rc4_inst|rc4:inst|ram:SBox|mem[147][4] ;
; 5:1                ; 8 bits    ; 24 LEs        ; 16 LEs               ; 8 LEs                  ; Yes        ; |rc4_inst|rc4:inst|ram:SBox|mem[146][5] ;
; 5:1                ; 8 bits    ; 24 LEs        ; 16 LEs               ; 8 LEs                  ; Yes        ; |rc4_inst|rc4:inst|ram:SBox|mem[145][3] ;
; 5:1                ; 8 bits    ; 24 LEs        ; 16 LEs               ; 8 LEs                  ; Yes        ; |rc4_inst|rc4:inst|ram:SBox|mem[144][4] ;
; 5:1                ; 8 bits    ; 24 LEs        ; 16 LEs               ; 8 LEs                  ; Yes        ; |rc4_inst|rc4:inst|ram:SBox|mem[143][1] ;
; 5:1                ; 8 bits    ; 24 LEs        ; 16 LEs               ; 8 LEs                  ; Yes        ; |rc4_inst|rc4:inst|ram:SBox|mem[142][1] ;
; 5:1                ; 8 bits    ; 24 LEs        ; 16 LEs               ; 8 LEs                  ; Yes        ; |rc4_inst|rc4:inst|ram:SBox|mem[141][4] ;
; 5:1                ; 8 bits    ; 24 LEs        ; 16 LEs               ; 8 LEs                  ; Yes        ; |rc4_inst|rc4:inst|ram:SBox|mem[140][6] ;
; 5:1                ; 8 bits    ; 24 LEs        ; 16 LEs               ; 8 LEs                  ; Yes        ; |rc4_inst|rc4:inst|ram:SBox|mem[139][5] ;
; 5:1                ; 8 bits    ; 24 LEs        ; 16 LEs               ; 8 LEs                  ; Yes        ; |rc4_inst|rc4:inst|ram:SBox|mem[138][0] ;
; 5:1                ; 8 bits    ; 24 LEs        ; 16 LEs               ; 8 LEs                  ; Yes        ; |rc4_inst|rc4:inst|ram:SBox|mem[137][6] ;
; 5:1                ; 8 bits    ; 24 LEs        ; 16 LEs               ; 8 LEs                  ; Yes        ; |rc4_inst|rc4:inst|ram:SBox|mem[136][0] ;
; 5:1                ; 8 bits    ; 24 LEs        ; 16 LEs               ; 8 LEs                  ; Yes        ; |rc4_inst|rc4:inst|ram:SBox|mem[135][1] ;
; 5:1                ; 8 bits    ; 24 LEs        ; 16 LEs               ; 8 LEs                  ; Yes        ; |rc4_inst|rc4:inst|ram:SBox|mem[134][0] ;
; 5:1                ; 8 bits    ; 24 LEs        ; 16 LEs               ; 8 LEs                  ; Yes        ; |rc4_inst|rc4:inst|ram:SBox|mem[133][0] ;
; 5:1                ; 8 bits    ; 24 LEs        ; 16 LEs               ; 8 LEs                  ; Yes        ; |rc4_inst|rc4:inst|ram:SBox|mem[132][4] ;
; 5:1                ; 8 bits    ; 24 LEs        ; 16 LEs               ; 8 LEs                  ; Yes        ; |rc4_inst|rc4:inst|ram:SBox|mem[131][7] ;
; 5:1                ; 8 bits    ; 24 LEs        ; 16 LEs               ; 8 LEs                  ; Yes        ; |rc4_inst|rc4:inst|ram:SBox|mem[130][1] ;
; 5:1                ; 8 bits    ; 24 LEs        ; 16 LEs               ; 8 LEs                  ; Yes        ; |rc4_inst|rc4:inst|ram:SBox|mem[129][1] ;
; 5:1                ; 8 bits    ; 24 LEs        ; 16 LEs               ; 8 LEs                  ; Yes        ; |rc4_inst|rc4:inst|ram:SBox|mem[128][1] ;
; 5:1                ; 8 bits    ; 24 LEs        ; 16 LEs               ; 8 LEs                  ; Yes        ; |rc4_inst|rc4:inst|ram:SBox|mem[127][3] ;
; 5:1                ; 8 bits    ; 24 LEs        ; 16 LEs               ; 8 LEs                  ; Yes        ; |rc4_inst|rc4:inst|ram:SBox|mem[126][2] ;
; 5:1                ; 8 bits    ; 24 LEs        ; 16 LEs               ; 8 LEs                  ; Yes        ; |rc4_inst|rc4:inst|ram:SBox|mem[125][5] ;
; 5:1                ; 8 bits    ; 24 LEs        ; 16 LEs               ; 8 LEs                  ; Yes        ; |rc4_inst|rc4:inst|ram:SBox|mem[124][6] ;
; 5:1                ; 8 bits    ; 24 LEs        ; 16 LEs               ; 8 LEs                  ; Yes        ; |rc4_inst|rc4:inst|ram:SBox|mem[123][7] ;
; 5:1                ; 8 bits    ; 24 LEs        ; 16 LEs               ; 8 LEs                  ; Yes        ; |rc4_inst|rc4:inst|ram:SBox|mem[122][5] ;
; 5:1                ; 8 bits    ; 24 LEs        ; 16 LEs               ; 8 LEs                  ; Yes        ; |rc4_inst|rc4:inst|ram:SBox|mem[121][3] ;
; 5:1                ; 8 bits    ; 24 LEs        ; 16 LEs               ; 8 LEs                  ; Yes        ; |rc4_inst|rc4:inst|ram:SBox|mem[120][2] ;
; 5:1                ; 8 bits    ; 24 LEs        ; 16 LEs               ; 8 LEs                  ; Yes        ; |rc4_inst|rc4:inst|ram:SBox|mem[119][3] ;
; 5:1                ; 8 bits    ; 24 LEs        ; 16 LEs               ; 8 LEs                  ; Yes        ; |rc4_inst|rc4:inst|ram:SBox|mem[118][1] ;
; 5:1                ; 8 bits    ; 24 LEs        ; 16 LEs               ; 8 LEs                  ; Yes        ; |rc4_inst|rc4:inst|ram:SBox|mem[117][4] ;
; 5:1                ; 8 bits    ; 24 LEs        ; 16 LEs               ; 8 LEs                  ; Yes        ; |rc4_inst|rc4:inst|ram:SBox|mem[116][2] ;
; 5:1                ; 8 bits    ; 24 LEs        ; 16 LEs               ; 8 LEs                  ; Yes        ; |rc4_inst|rc4:inst|ram:SBox|mem[115][1] ;
; 5:1                ; 8 bits    ; 24 LEs        ; 16 LEs               ; 8 LEs                  ; Yes        ; |rc4_inst|rc4:inst|ram:SBox|mem[114][5] ;
; 5:1                ; 8 bits    ; 24 LEs        ; 16 LEs               ; 8 LEs                  ; Yes        ; |rc4_inst|rc4:inst|ram:SBox|mem[113][3] ;
; 5:1                ; 8 bits    ; 24 LEs        ; 16 LEs               ; 8 LEs                  ; Yes        ; |rc4_inst|rc4:inst|ram:SBox|mem[112][3] ;
; 5:1                ; 8 bits    ; 24 LEs        ; 16 LEs               ; 8 LEs                  ; Yes        ; |rc4_inst|rc4:inst|ram:SBox|mem[111][3] ;
; 5:1                ; 8 bits    ; 24 LEs        ; 16 LEs               ; 8 LEs                  ; Yes        ; |rc4_inst|rc4:inst|ram:SBox|mem[110][4] ;
; 5:1                ; 8 bits    ; 24 LEs        ; 16 LEs               ; 8 LEs                  ; Yes        ; |rc4_inst|rc4:inst|ram:SBox|mem[109][4] ;
; 5:1                ; 8 bits    ; 24 LEs        ; 16 LEs               ; 8 LEs                  ; Yes        ; |rc4_inst|rc4:inst|ram:SBox|mem[108][5] ;
; 5:1                ; 8 bits    ; 24 LEs        ; 16 LEs               ; 8 LEs                  ; Yes        ; |rc4_inst|rc4:inst|ram:SBox|mem[107][4] ;
; 5:1                ; 8 bits    ; 24 LEs        ; 16 LEs               ; 8 LEs                  ; Yes        ; |rc4_inst|rc4:inst|ram:SBox|mem[106][4] ;
; 5:1                ; 8 bits    ; 24 LEs        ; 16 LEs               ; 8 LEs                  ; Yes        ; |rc4_inst|rc4:inst|ram:SBox|mem[105][3] ;
; 5:1                ; 8 bits    ; 24 LEs        ; 16 LEs               ; 8 LEs                  ; Yes        ; |rc4_inst|rc4:inst|ram:SBox|mem[104][2] ;
; 5:1                ; 8 bits    ; 24 LEs        ; 16 LEs               ; 8 LEs                  ; Yes        ; |rc4_inst|rc4:inst|ram:SBox|mem[103][2] ;
; 5:1                ; 8 bits    ; 24 LEs        ; 16 LEs               ; 8 LEs                  ; Yes        ; |rc4_inst|rc4:inst|ram:SBox|mem[102][2] ;
; 5:1                ; 8 bits    ; 24 LEs        ; 16 LEs               ; 8 LEs                  ; Yes        ; |rc4_inst|rc4:inst|ram:SBox|mem[101][2] ;
; 5:1                ; 8 bits    ; 24 LEs        ; 16 LEs               ; 8 LEs                  ; Yes        ; |rc4_inst|rc4:inst|ram:SBox|mem[100][7] ;
; 5:1                ; 8 bits    ; 24 LEs        ; 16 LEs               ; 8 LEs                  ; Yes        ; |rc4_inst|rc4:inst|ram:SBox|mem[99][2]  ;
; 5:1                ; 8 bits    ; 24 LEs        ; 16 LEs               ; 8 LEs                  ; Yes        ; |rc4_inst|rc4:inst|ram:SBox|mem[98][7]  ;
; 5:1                ; 8 bits    ; 24 LEs        ; 16 LEs               ; 8 LEs                  ; Yes        ; |rc4_inst|rc4:inst|ram:SBox|mem[97][3]  ;
; 5:1                ; 8 bits    ; 24 LEs        ; 16 LEs               ; 8 LEs                  ; Yes        ; |rc4_inst|rc4:inst|ram:SBox|mem[96][7]  ;
; 5:1                ; 8 bits    ; 24 LEs        ; 16 LEs               ; 8 LEs                  ; Yes        ; |rc4_inst|rc4:inst|ram:SBox|mem[95][3]  ;
; 5:1                ; 8 bits    ; 24 LEs        ; 16 LEs               ; 8 LEs                  ; Yes        ; |rc4_inst|rc4:inst|ram:SBox|mem[94][4]  ;
; 5:1                ; 8 bits    ; 24 LEs        ; 16 LEs               ; 8 LEs                  ; Yes        ; |rc4_inst|rc4:inst|ram:SBox|mem[93][1]  ;
; 5:1                ; 8 bits    ; 24 LEs        ; 16 LEs               ; 8 LEs                  ; Yes        ; |rc4_inst|rc4:inst|ram:SBox|mem[92][5]  ;
; 5:1                ; 8 bits    ; 24 LEs        ; 16 LEs               ; 8 LEs                  ; Yes        ; |rc4_inst|rc4:inst|ram:SBox|mem[91][3]  ;
; 5:1                ; 8 bits    ; 24 LEs        ; 16 LEs               ; 8 LEs                  ; Yes        ; |rc4_inst|rc4:inst|ram:SBox|mem[90][1]  ;
; 5:1                ; 8 bits    ; 24 LEs        ; 16 LEs               ; 8 LEs                  ; Yes        ; |rc4_inst|rc4:inst|ram:SBox|mem[89][2]  ;
; 5:1                ; 8 bits    ; 24 LEs        ; 16 LEs               ; 8 LEs                  ; Yes        ; |rc4_inst|rc4:inst|ram:SBox|mem[88][3]  ;
; 5:1                ; 8 bits    ; 24 LEs        ; 16 LEs               ; 8 LEs                  ; Yes        ; |rc4_inst|rc4:inst|ram:SBox|mem[87][1]  ;
; 5:1                ; 8 bits    ; 24 LEs        ; 16 LEs               ; 8 LEs                  ; Yes        ; |rc4_inst|rc4:inst|ram:SBox|mem[86][7]  ;
; 5:1                ; 8 bits    ; 24 LEs        ; 16 LEs               ; 8 LEs                  ; Yes        ; |rc4_inst|rc4:inst|ram:SBox|mem[85][6]  ;
; 5:1                ; 8 bits    ; 24 LEs        ; 16 LEs               ; 8 LEs                  ; Yes        ; |rc4_inst|rc4:inst|ram:SBox|mem[84][2]  ;
; 5:1                ; 8 bits    ; 24 LEs        ; 16 LEs               ; 8 LEs                  ; Yes        ; |rc4_inst|rc4:inst|ram:SBox|mem[83][2]  ;
; 5:1                ; 8 bits    ; 24 LEs        ; 16 LEs               ; 8 LEs                  ; Yes        ; |rc4_inst|rc4:inst|ram:SBox|mem[82][2]  ;
; 5:1                ; 8 bits    ; 24 LEs        ; 16 LEs               ; 8 LEs                  ; Yes        ; |rc4_inst|rc4:inst|ram:SBox|mem[81][4]  ;
; 5:1                ; 8 bits    ; 24 LEs        ; 16 LEs               ; 8 LEs                  ; Yes        ; |rc4_inst|rc4:inst|ram:SBox|mem[80][3]  ;
; 5:1                ; 8 bits    ; 24 LEs        ; 16 LEs               ; 8 LEs                  ; Yes        ; |rc4_inst|rc4:inst|ram:SBox|mem[79][3]  ;
; 5:1                ; 8 bits    ; 24 LEs        ; 16 LEs               ; 8 LEs                  ; Yes        ; |rc4_inst|rc4:inst|ram:SBox|mem[78][3]  ;
; 5:1                ; 8 bits    ; 24 LEs        ; 16 LEs               ; 8 LEs                  ; Yes        ; |rc4_inst|rc4:inst|ram:SBox|mem[77][2]  ;
; 5:1                ; 8 bits    ; 24 LEs        ; 16 LEs               ; 8 LEs                  ; Yes        ; |rc4_inst|rc4:inst|ram:SBox|mem[76][2]  ;
; 5:1                ; 8 bits    ; 24 LEs        ; 16 LEs               ; 8 LEs                  ; Yes        ; |rc4_inst|rc4:inst|ram:SBox|mem[75][2]  ;
; 5:1                ; 8 bits    ; 24 LEs        ; 16 LEs               ; 8 LEs                  ; Yes        ; |rc4_inst|rc4:inst|ram:SBox|mem[74][2]  ;
; 5:1                ; 8 bits    ; 24 LEs        ; 16 LEs               ; 8 LEs                  ; Yes        ; |rc4_inst|rc4:inst|ram:SBox|mem[73][2]  ;
; 5:1                ; 8 bits    ; 24 LEs        ; 16 LEs               ; 8 LEs                  ; Yes        ; |rc4_inst|rc4:inst|ram:SBox|mem[72][2]  ;
; 5:1                ; 8 bits    ; 24 LEs        ; 16 LEs               ; 8 LEs                  ; Yes        ; |rc4_inst|rc4:inst|ram:SBox|mem[71][2]  ;
; 5:1                ; 8 bits    ; 24 LEs        ; 16 LEs               ; 8 LEs                  ; Yes        ; |rc4_inst|rc4:inst|ram:SBox|mem[70][2]  ;
; 5:1                ; 8 bits    ; 24 LEs        ; 16 LEs               ; 8 LEs                  ; Yes        ; |rc4_inst|rc4:inst|ram:SBox|mem[69][2]  ;
; 5:1                ; 8 bits    ; 24 LEs        ; 16 LEs               ; 8 LEs                  ; Yes        ; |rc4_inst|rc4:inst|ram:SBox|mem[68][2]  ;
; 5:1                ; 8 bits    ; 24 LEs        ; 16 LEs               ; 8 LEs                  ; Yes        ; |rc4_inst|rc4:inst|ram:SBox|mem[67][2]  ;
; 5:1                ; 8 bits    ; 24 LEs        ; 16 LEs               ; 8 LEs                  ; Yes        ; |rc4_inst|rc4:inst|ram:SBox|mem[66][7]  ;
; 5:1                ; 8 bits    ; 24 LEs        ; 16 LEs               ; 8 LEs                  ; Yes        ; |rc4_inst|rc4:inst|ram:SBox|mem[65][3]  ;
; 5:1                ; 8 bits    ; 24 LEs        ; 16 LEs               ; 8 LEs                  ; Yes        ; |rc4_inst|rc4:inst|ram:SBox|mem[64][2]  ;
; 5:1                ; 8 bits    ; 24 LEs        ; 16 LEs               ; 8 LEs                  ; Yes        ; |rc4_inst|rc4:inst|ram:SBox|mem[63][2]  ;
; 5:1                ; 8 bits    ; 24 LEs        ; 16 LEs               ; 8 LEs                  ; Yes        ; |rc4_inst|rc4:inst|ram:SBox|mem[62][2]  ;
; 5:1                ; 8 bits    ; 24 LEs        ; 16 LEs               ; 8 LEs                  ; Yes        ; |rc4_inst|rc4:inst|ram:SBox|mem[61][7]  ;
; 5:1                ; 8 bits    ; 24 LEs        ; 16 LEs               ; 8 LEs                  ; Yes        ; |rc4_inst|rc4:inst|ram:SBox|mem[60][2]  ;
; 5:1                ; 8 bits    ; 24 LEs        ; 16 LEs               ; 8 LEs                  ; Yes        ; |rc4_inst|rc4:inst|ram:SBox|mem[59][2]  ;
; 5:1                ; 8 bits    ; 24 LEs        ; 16 LEs               ; 8 LEs                  ; Yes        ; |rc4_inst|rc4:inst|ram:SBox|mem[58][2]  ;
; 5:1                ; 8 bits    ; 24 LEs        ; 16 LEs               ; 8 LEs                  ; Yes        ; |rc4_inst|rc4:inst|ram:SBox|mem[57][2]  ;
; 5:1                ; 8 bits    ; 24 LEs        ; 16 LEs               ; 8 LEs                  ; Yes        ; |rc4_inst|rc4:inst|ram:SBox|mem[56][2]  ;
; 5:1                ; 8 bits    ; 24 LEs        ; 16 LEs               ; 8 LEs                  ; Yes        ; |rc4_inst|rc4:inst|ram:SBox|mem[55][2]  ;
; 5:1                ; 8 bits    ; 24 LEs        ; 16 LEs               ; 8 LEs                  ; Yes        ; |rc4_inst|rc4:inst|ram:SBox|mem[54][2]  ;
; 5:1                ; 8 bits    ; 24 LEs        ; 16 LEs               ; 8 LEs                  ; Yes        ; |rc4_inst|rc4:inst|ram:SBox|mem[53][3]  ;
; 5:1                ; 8 bits    ; 24 LEs        ; 16 LEs               ; 8 LEs                  ; Yes        ; |rc4_inst|rc4:inst|ram:SBox|mem[52][0]  ;
; 5:1                ; 8 bits    ; 24 LEs        ; 16 LEs               ; 8 LEs                  ; Yes        ; |rc4_inst|rc4:inst|ram:SBox|mem[51][0]  ;
; 5:1                ; 8 bits    ; 24 LEs        ; 16 LEs               ; 8 LEs                  ; Yes        ; |rc4_inst|rc4:inst|ram:SBox|mem[50][5]  ;
; 5:1                ; 8 bits    ; 24 LEs        ; 16 LEs               ; 8 LEs                  ; Yes        ; |rc4_inst|rc4:inst|ram:SBox|mem[49][1]  ;
; 5:1                ; 8 bits    ; 24 LEs        ; 16 LEs               ; 8 LEs                  ; Yes        ; |rc4_inst|rc4:inst|ram:SBox|mem[48][1]  ;
; 5:1                ; 8 bits    ; 24 LEs        ; 16 LEs               ; 8 LEs                  ; Yes        ; |rc4_inst|rc4:inst|ram:SBox|mem[47][2]  ;
; 5:1                ; 8 bits    ; 24 LEs        ; 16 LEs               ; 8 LEs                  ; Yes        ; |rc4_inst|rc4:inst|ram:SBox|mem[46][1]  ;
; 5:1                ; 8 bits    ; 24 LEs        ; 16 LEs               ; 8 LEs                  ; Yes        ; |rc4_inst|rc4:inst|ram:SBox|mem[45][5]  ;
; 5:1                ; 8 bits    ; 24 LEs        ; 16 LEs               ; 8 LEs                  ; Yes        ; |rc4_inst|rc4:inst|ram:SBox|mem[44][5]  ;
; 5:1                ; 8 bits    ; 24 LEs        ; 16 LEs               ; 8 LEs                  ; Yes        ; |rc4_inst|rc4:inst|ram:SBox|mem[43][7]  ;
; 5:1                ; 8 bits    ; 24 LEs        ; 16 LEs               ; 8 LEs                  ; Yes        ; |rc4_inst|rc4:inst|ram:SBox|mem[42][2]  ;
; 5:1                ; 8 bits    ; 24 LEs        ; 16 LEs               ; 8 LEs                  ; Yes        ; |rc4_inst|rc4:inst|ram:SBox|mem[41][2]  ;
; 5:1                ; 8 bits    ; 24 LEs        ; 16 LEs               ; 8 LEs                  ; Yes        ; |rc4_inst|rc4:inst|ram:SBox|mem[40][2]  ;
; 5:1                ; 8 bits    ; 24 LEs        ; 16 LEs               ; 8 LEs                  ; Yes        ; |rc4_inst|rc4:inst|ram:SBox|mem[39][0]  ;
; 5:1                ; 8 bits    ; 24 LEs        ; 16 LEs               ; 8 LEs                  ; Yes        ; |rc4_inst|rc4:inst|ram:SBox|mem[38][7]  ;
; 5:1                ; 8 bits    ; 24 LEs        ; 16 LEs               ; 8 LEs                  ; Yes        ; |rc4_inst|rc4:inst|ram:SBox|mem[37][7]  ;
; 5:1                ; 8 bits    ; 24 LEs        ; 16 LEs               ; 8 LEs                  ; Yes        ; |rc4_inst|rc4:inst|ram:SBox|mem[36][2]  ;
; 5:1                ; 8 bits    ; 24 LEs        ; 16 LEs               ; 8 LEs                  ; Yes        ; |rc4_inst|rc4:inst|ram:SBox|mem[35][7]  ;
; 5:1                ; 8 bits    ; 24 LEs        ; 16 LEs               ; 8 LEs                  ; Yes        ; |rc4_inst|rc4:inst|ram:SBox|mem[34][0]  ;
; 5:1                ; 8 bits    ; 24 LEs        ; 16 LEs               ; 8 LEs                  ; Yes        ; |rc4_inst|rc4:inst|ram:SBox|mem[33][2]  ;
; 5:1                ; 8 bits    ; 24 LEs        ; 16 LEs               ; 8 LEs                  ; Yes        ; |rc4_inst|rc4:inst|ram:SBox|mem[32][7]  ;
; 5:1                ; 8 bits    ; 24 LEs        ; 16 LEs               ; 8 LEs                  ; Yes        ; |rc4_inst|rc4:inst|ram:SBox|mem[31][2]  ;
; 5:1                ; 8 bits    ; 24 LEs        ; 16 LEs               ; 8 LEs                  ; Yes        ; |rc4_inst|rc4:inst|ram:SBox|mem[30][6]  ;
; 5:1                ; 8 bits    ; 24 LEs        ; 16 LEs               ; 8 LEs                  ; Yes        ; |rc4_inst|rc4:inst|ram:SBox|mem[29][4]  ;
; 5:1                ; 8 bits    ; 24 LEs        ; 16 LEs               ; 8 LEs                  ; Yes        ; |rc4_inst|rc4:inst|ram:SBox|mem[28][3]  ;
; 5:1                ; 8 bits    ; 24 LEs        ; 16 LEs               ; 8 LEs                  ; Yes        ; |rc4_inst|rc4:inst|ram:SBox|mem[27][1]  ;
; 5:1                ; 8 bits    ; 24 LEs        ; 16 LEs               ; 8 LEs                  ; Yes        ; |rc4_inst|rc4:inst|ram:SBox|mem[26][6]  ;
; 5:1                ; 8 bits    ; 24 LEs        ; 16 LEs               ; 8 LEs                  ; Yes        ; |rc4_inst|rc4:inst|ram:SBox|mem[25][3]  ;
; 5:1                ; 8 bits    ; 24 LEs        ; 16 LEs               ; 8 LEs                  ; Yes        ; |rc4_inst|rc4:inst|ram:SBox|mem[24][4]  ;
; 5:1                ; 8 bits    ; 24 LEs        ; 16 LEs               ; 8 LEs                  ; Yes        ; |rc4_inst|rc4:inst|ram:SBox|mem[23][4]  ;
; 5:1                ; 8 bits    ; 24 LEs        ; 16 LEs               ; 8 LEs                  ; Yes        ; |rc4_inst|rc4:inst|ram:SBox|mem[22][5]  ;
; 5:1                ; 8 bits    ; 24 LEs        ; 16 LEs               ; 8 LEs                  ; Yes        ; |rc4_inst|rc4:inst|ram:SBox|mem[21][5]  ;
; 5:1                ; 8 bits    ; 24 LEs        ; 16 LEs               ; 8 LEs                  ; Yes        ; |rc4_inst|rc4:inst|ram:SBox|mem[20][3]  ;
; 5:1                ; 8 bits    ; 24 LEs        ; 16 LEs               ; 8 LEs                  ; Yes        ; |rc4_inst|rc4:inst|ram:SBox|mem[19][6]  ;
; 5:1                ; 8 bits    ; 24 LEs        ; 16 LEs               ; 8 LEs                  ; Yes        ; |rc4_inst|rc4:inst|ram:SBox|mem[18][3]  ;
; 5:1                ; 8 bits    ; 24 LEs        ; 16 LEs               ; 8 LEs                  ; Yes        ; |rc4_inst|rc4:inst|ram:SBox|mem[17][3]  ;
; 5:1                ; 8 bits    ; 24 LEs        ; 16 LEs               ; 8 LEs                  ; Yes        ; |rc4_inst|rc4:inst|ram:SBox|mem[16][3]  ;
; 5:1                ; 8 bits    ; 24 LEs        ; 16 LEs               ; 8 LEs                  ; Yes        ; |rc4_inst|rc4:inst|ram:SBox|mem[15][0]  ;
; 5:1                ; 8 bits    ; 24 LEs        ; 16 LEs               ; 8 LEs                  ; Yes        ; |rc4_inst|rc4:inst|ram:SBox|mem[14][7]  ;
; 5:1                ; 8 bits    ; 24 LEs        ; 16 LEs               ; 8 LEs                  ; Yes        ; |rc4_inst|rc4:inst|ram:SBox|mem[13][0]  ;
; 5:1                ; 8 bits    ; 24 LEs        ; 16 LEs               ; 8 LEs                  ; Yes        ; |rc4_inst|rc4:inst|ram:SBox|mem[12][1]  ;
; 5:1                ; 8 bits    ; 24 LEs        ; 16 LEs               ; 8 LEs                  ; Yes        ; |rc4_inst|rc4:inst|ram:SBox|mem[11][4]  ;
; 5:1                ; 8 bits    ; 24 LEs        ; 16 LEs               ; 8 LEs                  ; Yes        ; |rc4_inst|rc4:inst|ram:SBox|mem[10][3]  ;
; 5:1                ; 8 bits    ; 24 LEs        ; 16 LEs               ; 8 LEs                  ; Yes        ; |rc4_inst|rc4:inst|ram:SBox|mem[9][1]   ;
; 5:1                ; 8 bits    ; 24 LEs        ; 16 LEs               ; 8 LEs                  ; Yes        ; |rc4_inst|rc4:inst|ram:SBox|mem[8][5]   ;
; 5:1                ; 8 bits    ; 24 LEs        ; 16 LEs               ; 8 LEs                  ; Yes        ; |rc4_inst|rc4:inst|ram:SBox|mem[7][5]   ;
; 5:1                ; 8 bits    ; 24 LEs        ; 16 LEs               ; 8 LEs                  ; Yes        ; |rc4_inst|rc4:inst|ram:SBox|mem[6][5]   ;
; 5:1                ; 8 bits    ; 24 LEs        ; 16 LEs               ; 8 LEs                  ; Yes        ; |rc4_inst|rc4:inst|ram:SBox|mem[5][5]   ;
; 5:1                ; 8 bits    ; 24 LEs        ; 16 LEs               ; 8 LEs                  ; Yes        ; |rc4_inst|rc4:inst|ram:SBox|mem[4][6]   ;
; 5:1                ; 8 bits    ; 24 LEs        ; 16 LEs               ; 8 LEs                  ; Yes        ; |rc4_inst|rc4:inst|ram:SBox|mem[3][0]   ;
; 5:1                ; 8 bits    ; 24 LEs        ; 16 LEs               ; 8 LEs                  ; Yes        ; |rc4_inst|rc4:inst|ram:SBox|mem[2][0]   ;
; 5:1                ; 8 bits    ; 24 LEs        ; 16 LEs               ; 8 LEs                  ; Yes        ; |rc4_inst|rc4:inst|ram:SBox|mem[1][7]   ;
; 5:1                ; 8 bits    ; 24 LEs        ; 16 LEs               ; 8 LEs                  ; Yes        ; |rc4_inst|rc4:inst|ram:SBox|mem[0][7]   ;
; 7:1                ; 4 bits    ; 16 LEs        ; 8 LEs                ; 8 LEs                  ; Yes        ; |rc4_inst|rc4:inst|j[3]                 ;
; 7:1                ; 4 bits    ; 16 LEs        ; 12 LEs               ; 4 LEs                  ; Yes        ; |rc4_inst|rc4:inst|j[6]                 ;
; 8:1                ; 8 bits    ; 40 LEs        ; 24 LEs               ; 16 LEs                 ; Yes        ; |rc4_inst|rc4:inst|i[4]                 ;
; 256:1              ; 8 bits    ; 1360 LEs      ; 1360 LEs             ; 0 LEs                  ; No         ; |rc4_inst|rc4:inst|ram:SBox|Mux7        ;
; 256:1              ; 8 bits    ; 1360 LEs      ; 1360 LEs             ; 0 LEs                  ; No         ; |rc4_inst|rc4:inst|ram:SBox|Mux9        ;
+--------------------+-----------+---------------+----------------------+------------------------+------------+-----------------------------------------+


+-------------------------------------------------------+
; Parameter Settings for User Entity Instance: rc4:inst ;
+----------------+-------+------------------------------+
; Parameter Name ; Value ; Type                         ;
+----------------+-------+------------------------------+
; NUMS_OF_BYTES  ; 4     ; Signed Integer               ;
+----------------+-------+------------------------------+
Note: In order to hide this table in the UI and the text report file, please set the "Show Parameter Settings in Synthesis Report" option in "Analysis and Synthesis Settings -> More Settings" to "Off".


+----------------------------------------------------------------+
; Parameter Settings for User Entity Instance: rc4:inst|ram:SBox ;
+----------------+-------+---------------------------------------+
; Parameter Name ; Value ; Type                                  ;
+----------------+-------+---------------------------------------+
; NUMS_OF_BYTES  ; 4     ; Signed Integer                        ;
+----------------+-------+---------------------------------------+
Note: In order to hide this table in the UI and the text report file, please set the "Show Parameter Settings in Synthesis Report" option in "Analysis and Synthesis Settings -> More Settings" to "Off".


+---------------------------------------------------------------------------+
; Parameter Settings for Inferred Entity Instance: rc4:inst|lpm_divide:Mod0 ;
+------------------------+----------------+---------------------------------+
; Parameter Name         ; Value          ; Type                            ;
+------------------------+----------------+---------------------------------+
; LPM_WIDTHN             ; 8              ; Untyped                         ;
; LPM_WIDTHD             ; 8              ; Untyped                         ;
; LPM_NREPRESENTATION    ; UNSIGNED       ; Untyped                         ;
; LPM_DREPRESENTATION    ; UNSIGNED       ; Untyped                         ;
; LPM_PIPELINE           ; 0              ; Untyped                         ;
; LPM_REMAINDERPOSITIVE  ; TRUE           ; Untyped                         ;
; MAXIMIZE_SPEED         ; 5              ; Untyped                         ;
; CBXI_PARAMETER         ; lpm_divide_q9m ; Untyped                         ;
; CARRY_CHAIN            ; MANUAL         ; Untyped                         ;
; OPTIMIZE_FOR_SPEED     ; 5              ; Untyped                         ;
; AUTO_CARRY_CHAINS      ; ON             ; AUTO_CARRY                      ;
; IGNORE_CARRY_BUFFERS   ; OFF            ; IGNORE_CARRY                    ;
; AUTO_CASCADE_CHAINS    ; ON             ; AUTO_CASCADE                    ;
; IGNORE_CASCADE_BUFFERS ; OFF            ; IGNORE_CASCADE                  ;
+------------------------+----------------+---------------------------------+
Note: In order to hide this table in the UI and the text report file, please set the "Show Parameter Settings in Synthesis Report" option in "Analysis and Synthesis Settings -> More Settings" to "Off".


+-----------------------------------------------------+
; Post-Synthesis Netlist Statistics for Top Partition ;
+-----------------------+-----------------------------+
; Type                  ; Count                       ;
+-----------------------+-----------------------------+
; boundary_port         ; 12                          ;
; cycloneiii_ff         ; 2112                        ;
;     ENA               ; 40                          ;
;     ENA SCLR          ; 1040                        ;
;     ENA SLD           ; 1024                        ;
;     SCLR              ; 3                           ;
;     plain             ; 5                           ;
; cycloneiii_lcell_comb ; 7051                        ;
;     arith             ; 62                          ;
;         2 data inputs ; 14                          ;
;         3 data inputs ; 48                          ;
;     normal            ; 6989                        ;
;         0 data inputs ; 7                           ;
;         1 data inputs ; 3                           ;
;         2 data inputs ; 55                          ;
;         3 data inputs ; 272                         ;
;         4 data inputs ; 6652                        ;
;                       ;                             ;
; Max LUT depth         ; 17.30                       ;
; Average LUT depth     ; 8.33                        ;
+-----------------------+-----------------------------+


+-------------------------------+
; Elapsed Time Per Partition    ;
+----------------+--------------+
; Partition Name ; Elapsed Time ;
+----------------+--------------+
; Top            ; 00:00:15     ;
+----------------+--------------+


+-------------------------------+
; Analysis & Synthesis Messages ;
+-------------------------------+
Info: *******************************************************************
Info: Running Quartus Prime Analysis & Synthesis
    Info: Version 17.1.0 Build 590 10/25/2017 SJ Lite Edition
    Info: Processing started: Wed Mar 28 01:44:06 2018
Info: Command: quartus_map --read_settings_files=on --write_settings_files=off RC4 -c RC4
Warning (18236): Number of processors has not been specified which may cause overloading on shared machines.  Set the global assignment NUM_PARALLEL_PROCESSORS in your QSF to an appropriate value for best performance.
Info (20030): Parallel compilation is enabled and will use 6 of the 6 processors detected
Info (12021): Found 1 design units, including 1 entities, in source file src/arc1_4_bits_per_clock/rc4_tb.v
    Info (12023): Found entity 1: rc4_tb File: C:/Users/hoangphuc/Google Drive/tai_lieu_hoc_tap/Internship/Verilog_Design/RC4/src/arc1_4_bits_per_clock/rc4_tb.v Line: 4
Info (12021): Found 1 design units, including 1 entities, in source file src/arc1_4_bits_per_clock/rc4_inst.v
    Info (12023): Found entity 1: rc4_inst File: C:/Users/hoangphuc/Google Drive/tai_lieu_hoc_tap/Internship/Verilog_Design/RC4/src/arc1_4_bits_per_clock/rc4_inst.v Line: 1
Info (12021): Found 1 design units, including 1 entities, in source file src/arc1_4_bits_per_clock/rc4.v
    Info (12023): Found entity 1: rc4 File: C:/Users/hoangphuc/Google Drive/tai_lieu_hoc_tap/Internship/Verilog_Design/RC4/src/arc1_4_bits_per_clock/rc4.v Line: 10
Info (12021): Found 1 design units, including 1 entities, in source file src/arc1_4_bits_per_clock/ram_tb.v
    Info (12023): Found entity 1: ram_tb File: C:/Users/hoangphuc/Google Drive/tai_lieu_hoc_tap/Internship/Verilog_Design/RC4/src/arc1_4_bits_per_clock/ram_tb.v Line: 3
Info (12021): Found 1 design units, including 1 entities, in source file src/arc1_4_bits_per_clock/ram.v
    Info (12023): Found entity 1: ram File: C:/Users/hoangphuc/Google Drive/tai_lieu_hoc_tap/Internship/Verilog_Design/RC4/src/arc1_4_bits_per_clock/ram.v Line: 10
Warning (10222): Verilog HDL Parameter Declaration warning at rc4.v(55): Parameter Declaration in module "rc4" behaves as a Local Parameter Declaration because the module has a Module Parameter Port List File: C:/Users/hoangphuc/Google Drive/tai_lieu_hoc_tap/Internship/Verilog_Design/RC4/src/arc1_4_bits_per_clock/rc4.v Line: 55
Warning (10222): Verilog HDL Parameter Declaration warning at rc4.v(56): Parameter Declaration in module "rc4" behaves as a Local Parameter Declaration because the module has a Module Parameter Port List File: C:/Users/hoangphuc/Google Drive/tai_lieu_hoc_tap/Internship/Verilog_Design/RC4/src/arc1_4_bits_per_clock/rc4.v Line: 56
Warning (10222): Verilog HDL Parameter Declaration warning at rc4.v(57): Parameter Declaration in module "rc4" behaves as a Local Parameter Declaration because the module has a Module Parameter Port List File: C:/Users/hoangphuc/Google Drive/tai_lieu_hoc_tap/Internship/Verilog_Design/RC4/src/arc1_4_bits_per_clock/rc4.v Line: 57
Info (12127): Elaborating entity "rc4_inst" for the top level hierarchy
Info (12128): Elaborating entity "rc4" for hierarchy "rc4:inst" File: C:/Users/hoangphuc/Google Drive/tai_lieu_hoc_tap/Internship/Verilog_Design/RC4/src/arc1_4_bits_per_clock/rc4_inst.v Line: 29
Info (10041): Inferred latch for "ckey[0]" at rc4.v(159) File: C:/Users/hoangphuc/Google Drive/tai_lieu_hoc_tap/Internship/Verilog_Design/RC4/src/arc1_4_bits_per_clock/rc4.v Line: 159
Info (10041): Inferred latch for "ckey[1]" at rc4.v(159) File: C:/Users/hoangphuc/Google Drive/tai_lieu_hoc_tap/Internship/Verilog_Design/RC4/src/arc1_4_bits_per_clock/rc4.v Line: 159
Info (10041): Inferred latch for "ckey[2]" at rc4.v(159) File: C:/Users/hoangphuc/Google Drive/tai_lieu_hoc_tap/Internship/Verilog_Design/RC4/src/arc1_4_bits_per_clock/rc4.v Line: 159
Info (10041): Inferred latch for "ckey[3]" at rc4.v(159) File: C:/Users/hoangphuc/Google Drive/tai_lieu_hoc_tap/Internship/Verilog_Design/RC4/src/arc1_4_bits_per_clock/rc4.v Line: 159
Info (10041): Inferred latch for "ckey[4]" at rc4.v(159) File: C:/Users/hoangphuc/Google Drive/tai_lieu_hoc_tap/Internship/Verilog_Design/RC4/src/arc1_4_bits_per_clock/rc4.v Line: 159
Info (10041): Inferred latch for "ckey[5]" at rc4.v(159) File: C:/Users/hoangphuc/Google Drive/tai_lieu_hoc_tap/Internship/Verilog_Design/RC4/src/arc1_4_bits_per_clock/rc4.v Line: 159
Info (10041): Inferred latch for "ckey[6]" at rc4.v(159) File: C:/Users/hoangphuc/Google Drive/tai_lieu_hoc_tap/Internship/Verilog_Design/RC4/src/arc1_4_bits_per_clock/rc4.v Line: 159
Info (10041): Inferred latch for "ckey[7]" at rc4.v(159) File: C:/Users/hoangphuc/Google Drive/tai_lieu_hoc_tap/Internship/Verilog_Design/RC4/src/arc1_4_bits_per_clock/rc4.v Line: 159
Info (12128): Elaborating entity "ram" for hierarchy "rc4:inst|ram:SBox" File: C:/Users/hoangphuc/Google Drive/tai_lieu_hoc_tap/Internship/Verilog_Design/RC4/src/arc1_4_bits_per_clock/rc4.v Line: 179
Warning (10230): Verilog HDL assignment warning at ram.v(41): truncated value with size 32 to match size of target (8) File: C:/Users/hoangphuc/Google Drive/tai_lieu_hoc_tap/Internship/Verilog_Design/RC4/src/arc1_4_bits_per_clock/ram.v Line: 41
Info (278001): Inferred 1 megafunctions from design logic
    Info (278004): Inferred divider/modulo megafunction ("lpm_divide") from the following logic: "rc4:inst|Mod0" File: C:/Users/hoangphuc/Google Drive/tai_lieu_hoc_tap/Internship/Verilog_Design/RC4/src/arc1_4_bits_per_clock/rc4.v Line: 125
Info (12130): Elaborated megafunction instantiation "rc4:inst|lpm_divide:Mod0" File: C:/Users/hoangphuc/Google Drive/tai_lieu_hoc_tap/Internship/Verilog_Design/RC4/src/arc1_4_bits_per_clock/rc4.v Line: 125
Info (12133): Instantiated megafunction "rc4:inst|lpm_divide:Mod0" with the following parameter: File: C:/Users/hoangphuc/Google Drive/tai_lieu_hoc_tap/Internship/Verilog_Design/RC4/src/arc1_4_bits_per_clock/rc4.v Line: 125
    Info (12134): Parameter "LPM_WIDTHN" = "8"
    Info (12134): Parameter "LPM_WIDTHD" = "8"
    Info (12134): Parameter "LPM_NREPRESENTATION" = "UNSIGNED"
    Info (12134): Parameter "LPM_DREPRESENTATION" = "UNSIGNED"
Info (12021): Found 1 design units, including 1 entities, in source file db/lpm_divide_q9m.tdf
    Info (12023): Found entity 1: lpm_divide_q9m File: C:/Users/hoangphuc/Google Drive/tai_lieu_hoc_tap/Internship/Verilog_Design/RC4/db/lpm_divide_q9m.tdf Line: 24
Info (12021): Found 1 design units, including 1 entities, in source file db/sign_div_unsign_fkh.tdf
    Info (12023): Found entity 1: sign_div_unsign_fkh File: C:/Users/hoangphuc/Google Drive/tai_lieu_hoc_tap/Internship/Verilog_Design/RC4/db/sign_div_unsign_fkh.tdf Line: 24
Info (12021): Found 1 design units, including 1 entities, in source file db/alt_u_div_i4f.tdf
    Info (12023): Found entity 1: alt_u_div_i4f File: C:/Users/hoangphuc/Google Drive/tai_lieu_hoc_tap/Internship/Verilog_Design/RC4/db/alt_u_div_i4f.tdf Line: 26
Info (12021): Found 1 design units, including 1 entities, in source file db/add_sub_7pc.tdf
    Info (12023): Found entity 1: add_sub_7pc File: C:/Users/hoangphuc/Google Drive/tai_lieu_hoc_tap/Internship/Verilog_Design/RC4/db/add_sub_7pc.tdf Line: 22
Info (12021): Found 1 design units, including 1 entities, in source file db/add_sub_8pc.tdf
    Info (12023): Found entity 1: add_sub_8pc File: C:/Users/hoangphuc/Google Drive/tai_lieu_hoc_tap/Internship/Verilog_Design/RC4/db/add_sub_8pc.tdf Line: 22
Warning (13012): Latch rc4:inst|ckey[0] has unsafe behavior File: C:/Users/hoangphuc/Google Drive/tai_lieu_hoc_tap/Internship/Verilog_Design/RC4/src/arc1_4_bits_per_clock/rc4.v Line: 159
    Warning (13013): Ports D and ENA on the latch are fed by the same signal rc4:inst|i[7] File: C:/Users/hoangphuc/Google Drive/tai_lieu_hoc_tap/Internship/Verilog_Design/RC4/src/arc1_4_bits_per_clock/rc4.v Line: 59
Warning (13012): Latch rc4:inst|ckey[1] has unsafe behavior File: C:/Users/hoangphuc/Google Drive/tai_lieu_hoc_tap/Internship/Verilog_Design/RC4/src/arc1_4_bits_per_clock/rc4.v Line: 159
    Warning (13013): Ports D and ENA on the latch are fed by the same signal rc4:inst|i[1] File: C:/Users/hoangphuc/Google Drive/tai_lieu_hoc_tap/Internship/Verilog_Design/RC4/src/arc1_4_bits_per_clock/rc4.v Line: 59
Warning (13012): Latch rc4:inst|ckey[2] has unsafe behavior File: C:/Users/hoangphuc/Google Drive/tai_lieu_hoc_tap/Internship/Verilog_Design/RC4/src/arc1_4_bits_per_clock/rc4.v Line: 159
    Warning (13013): Ports D and ENA on the latch are fed by the same signal rc4:inst|i[3] File: C:/Users/hoangphuc/Google Drive/tai_lieu_hoc_tap/Internship/Verilog_Design/RC4/src/arc1_4_bits_per_clock/rc4.v Line: 59
Warning (13012): Latch rc4:inst|ckey[3] has unsafe behavior File: C:/Users/hoangphuc/Google Drive/tai_lieu_hoc_tap/Internship/Verilog_Design/RC4/src/arc1_4_bits_per_clock/rc4.v Line: 159
    Warning (13013): Ports D and ENA on the latch are fed by the same signal rc4:inst|i[5] File: C:/Users/hoangphuc/Google Drive/tai_lieu_hoc_tap/Internship/Verilog_Design/RC4/src/arc1_4_bits_per_clock/rc4.v Line: 59
Warning (13012): Latch rc4:inst|ckey[4] has unsafe behavior File: C:/Users/hoangphuc/Google Drive/tai_lieu_hoc_tap/Internship/Verilog_Design/RC4/src/arc1_4_bits_per_clock/rc4.v Line: 159
    Warning (13013): Ports D and ENA on the latch are fed by the same signal rc4:inst|i[6] File: C:/Users/hoangphuc/Google Drive/tai_lieu_hoc_tap/Internship/Verilog_Design/RC4/src/arc1_4_bits_per_clock/rc4.v Line: 59
Warning (13012): Latch rc4:inst|ckey[5] has unsafe behavior File: C:/Users/hoangphuc/Google Drive/tai_lieu_hoc_tap/Internship/Verilog_Design/RC4/src/arc1_4_bits_per_clock/rc4.v Line: 159
    Warning (13013): Ports D and ENA on the latch are fed by the same signal rc4:inst|i[0] File: C:/Users/hoangphuc/Google Drive/tai_lieu_hoc_tap/Internship/Verilog_Design/RC4/src/arc1_4_bits_per_clock/rc4.v Line: 59
Warning (13012): Latch rc4:inst|ckey[6] has unsafe behavior File: C:/Users/hoangphuc/Google Drive/tai_lieu_hoc_tap/Internship/Verilog_Design/RC4/src/arc1_4_bits_per_clock/rc4.v Line: 159
    Warning (13013): Ports D and ENA on the latch are fed by the same signal rc4:inst|i[2] File: C:/Users/hoangphuc/Google Drive/tai_lieu_hoc_tap/Internship/Verilog_Design/RC4/src/arc1_4_bits_per_clock/rc4.v Line: 59
Warning (13012): Latch rc4:inst|ckey[7] has unsafe behavior File: C:/Users/hoangphuc/Google Drive/tai_lieu_hoc_tap/Internship/Verilog_Design/RC4/src/arc1_4_bits_per_clock/rc4.v Line: 159
    Warning (13013): Ports D and ENA on the latch are fed by the same signal rc4:inst|i[4] File: C:/Users/hoangphuc/Google Drive/tai_lieu_hoc_tap/Internship/Verilog_Design/RC4/src/arc1_4_bits_per_clock/rc4.v Line: 59
Info (286030): Timing-Driven Synthesis is running
Info (17049): 1 registers lost all their fanouts during netlist optimizations.
Info (16010): Generating hard_block partition "hard_block:auto_generated_inst"
    Info (16011): Adding 0 node(s), including 0 DDIO, 0 PLL, 0 transceiver and 0 LCELL
Info (21057): Implemented 7071 device resources after synthesis - the final resource count might be different
    Info (21058): Implemented 3 input pins
    Info (21059): Implemented 9 output pins
    Info (21061): Implemented 7059 logic cells
Info: Quartus Prime Analysis & Synthesis was successful. 0 errors, 21 warnings
    Info: Peak virtual memory: 768 megabytes
    Info: Processing ended: Wed Mar 28 01:44:34 2018
    Info: Elapsed time: 00:00:28
    Info: Total CPU time (on all processors): 00:00:42


